// Jest Snapshot v1, https://goo.gl/fbAQLP

exports[`renders correctly 1`] = `
<View
  style={
    Object {
      "borderColor": "black",
      "borderStyle": "solid",
      "borderWidth": 1,
      "marginHorizontal": "5%",
      "marginTop": 20,
      "padding": 10,
      "position": "relative",
      "width": "90%",
    }
  }
>
  <Image
    source={
      Object {
        "testUri": "../../../src/assets/logoAirFrance.png",
      }
    }
    style={
      Object {
        "height": 20,
        "position": "absolute",
        "right": 10,
        "top": -10,
        "width": "40%",
      }
    }
  />
  <View
    style={
      Object {
        "width": "70%",
      }
    }
  >
    <View
      style={
        Object {
          "marginVertical": 5,
        }
      }
    >
      <View>
        <View
          pointerEvents="none"
          style={
            Array [
              Object {
                "bottom": 0,
                "left": 0,
                "position": "absolute",
                "right": 0,
                "top": 6,
              },
              Object {
                "backgroundColor": "#f6f6f6",
                "borderColor": "rgba(0, 0, 0, 0.54)",
                "borderRadius": 4,
                "borderWidth": 1,
              },
            ]
          }
        />
        <View
          style={
            Object {
              "minHeight": 64,
              "paddingBottom": 0,
              "paddingTop": 8,
            }
          }
        >
          <View
            pointerEvents="none"
            style={
              Object {
                "bottom": 0,
                "left": 0,
                "opacity": 1,
                "position": "absolute",
                "right": 0,
                "top": 0,
                "transform": Array [
                  Object {
                    "translateX": 0,
                  },
                ],
              }
            }
          >
            <View
              pointerEvents="none"
              style={
                Object {
                  "backgroundColor": "#f6f6f6",
                  "bottom": 0,
                  "height": 2,
                  "left": 10,
                  "opacity": 0,
                  "position": "absolute",
                  "right": 0,
                  "top": 6,
                  "transform": Array [
                    Object {
                      "translateX": 0,
                    },
                  ],
                  "width": 8,
                }
              }
            />
            <Text
              numberOfLines={1}
              style={
                Object {
                  "backgroundColor": "#f6f6f6",
                  "color": "transparent",
                  "fontFamily": "System",
                  "fontSize": 16,
                  "fontWeight": undefined,
                  "left": 18,
                  "opacity": 0,
                  "paddingHorizontal": 0,
                  "position": "absolute",
                  "textAlign": "left",
                  "top": 37,
                  "transform": Array [
                    Object {
                      "translateX": 0,
                    },
                    Object {
                      "translateY": 0,
                    },
                    Object {
                      "scale": 1,
                    },
                    Object {
                      "scaleY": 1,
                    },
                  ],
                  "writingDirection": "ltr",
                }
              }
            >
              Passagers
            </Text>
            <Text
              numberOfLines={1}
              onLayout={[Function]}
              style={
                Object {
                  "color": "#6200ee",
                  "fontFamily": "System",
                  "fontSize": 16,
                  "fontWeight": undefined,
                  "left": 0,
                  "opacity": 0,
                  "paddingHorizontal": 14,
                  "position": "absolute",
                  "textAlign": "left",
                  "top": 36,
                  "transform": Array [
                    Object {
                      "translateX": 0,
                    },
                    Object {
                      "translateY": 0,
                    },
                    Object {
                      "scale": 1,
                    },
                  ],
                  "writingDirection": "ltr",
                }
              }
            >
              Passagers
            </Text>
            <Text
              numberOfLines={1}
              style={
                Object {
                  "color": "rgba(0, 0, 0, 0.54)",
                  "fontFamily": "System",
                  "fontSize": 16,
                  "fontWeight": undefined,
                  "left": 0,
                  "opacity": 1,
                  "paddingHorizontal": 14,
                  "position": "absolute",
                  "textAlign": "left",
                  "top": 36,
                  "transform": Array [
                    Object {
                      "translateX": 0,
                    },
                    Object {
                      "translateY": 0,
                    },
                    Object {
                      "scale": 1,
                    },
                  ],
                  "writingDirection": "ltr",
                }
              }
            >
              Passagers
            </Text>
          </View>
          <TextInput
            allowFontScaling={true}
            editable={true}
            keyboardType="number-pad"
            multiline={false}
            onBlur={[Function]}
            onChange={[Function]}
            onChangeText={[Function]}
            onFocus={[Function]}
            placeholder=""
            placeholderTextColor="rgba(0, 0, 0, 0.54)"
            rejectResponderTermination={true}
            selectionColor="#6200ee"
            style={
              Array [
                Object {
                  "flexGrow": 1,
                  "margin": 0,
                  "paddingHorizontal": 14,
                  "textAlign": "left",
                  "zIndex": 1,
                },
                Object {
                  "height": 56,
                },
                Object {
                  "paddingBottom": 0,
                  "paddingTop": 0,
                },
                Object {
                  "color": "#000000",
                  "fontFamily": "System",
                  "fontSize": 16,
                  "fontWeight": undefined,
                  "textAlignVertical": "center",
                },
                Array [
                  Object {},
                ],
              ]
            }
            underlineColorAndroid="transparent"
            value=""
          />
        </View>
      </View>
    </View>
    <View
      style={
        Object {
          "marginVertical": 5,
        }
      }
    >
      <View>
        <View
          pointerEvents="none"
          style={
            Array [
              Object {
                "bottom": 0,
                "left": 0,
                "position": "absolute",
                "right": 0,
                "top": 6,
              },
              Object {
                "backgroundColor": "#f6f6f6",
                "borderColor": "rgba(0, 0, 0, 0.54)",
                "borderRadius": 4,
                "borderWidth": 1,
              },
            ]
          }
        />
        <View
          style={
            Object {
              "minHeight": 64,
              "paddingBottom": 0,
              "paddingTop": 8,
            }
          }
        >
          <View
            pointerEvents="none"
            style={
              Object {
                "bottom": 0,
                "left": 0,
                "opacity": 1,
                "position": "absolute",
                "right": 0,
                "top": 0,
                "transform": Array [
                  Object {
                    "translateX": 0,
                  },
                ],
              }
            }
          >
            <View
              pointerEvents="none"
              style={
                Object {
                  "backgroundColor": "#f6f6f6",
                  "bottom": 0,
                  "height": 2,
                  "left": 10,
                  "opacity": 0,
                  "position": "absolute",
                  "right": 0,
                  "top": 6,
                  "transform": Array [
                    Object {
                      "translateX": 0,
                    },
                  ],
                  "width": 8,
                }
              }
            />
            <Text
              numberOfLines={1}
              style={
                Object {
                  "backgroundColor": "#f6f6f6",
                  "color": "transparent",
                  "fontFamily": "System",
                  "fontSize": 16,
                  "fontWeight": undefined,
                  "left": 18,
                  "opacity": 0,
                  "paddingHorizontal": 0,
                  "position": "absolute",
                  "textAlign": "left",
                  "top": 37,
                  "transform": Array [
                    Object {
                      "translateX": 0,
                    },
                    Object {
                      "translateY": 0,
                    },
                    Object {
                      "scale": 1,
                    },
                    Object {
                      "scaleY": 1,
                    },
                  ],
                  "writingDirection": "ltr",
                }
              }
            >
              KÃ©rozene (L)
            </Text>
            <Text
              numberOfLines={1}
              onLayout={[Function]}
              style={
                Object {
                  "color": "#6200ee",
                  "fontFamily": "System",
                  "fontSize": 16,
                  "fontWeight": undefined,
                  "left": 0,
                  "opacity": 0,
                  "paddingHorizontal": 14,
                  "position": "absolute",
                  "textAlign": "left",
                  "top": 36,
                  "transform": Array [
                    Object {
                      "translateX": 0,
                    },
                    Object {
                      "translateY": 0,
                    },
                    Object {
                      "scale": 1,
                    },
                  ],
                  "writingDirection": "ltr",
                }
              }
            >
              KÃ©rozene (L)
            </Text>
            <Text
              numberOfLines={1}
              style={
                Object {
                  "color": "rgba(0, 0, 0, 0.54)",
                  "fontFamily": "System",
                  "fontSize": 16,
                  "fontWeight": undefined,
                  "left": 0,
                  "opacity": 1,
                  "paddingHorizontal": 14,
                  "position": "absolute",
                  "textAlign": "left",
                  "top": 36,
                  "transform": Array [
                    Object {
                      "translateX": 0,
                    },
                    Object {
                      "translateY": 0,
                    },
                    Object {
                      "scale": 1,
                    },
                  ],
                  "writingDirection": "ltr",
                }
              }
            >
              KÃ©rozene (L)
            </Text>
          </View>
          <TextInput
            allowFontScaling={true}
            editable={true}
            keyboardType="number-pad"
            multiline={false}
            onBlur={[Function]}
            onChange={[Function]}
            onChangeText={[Function]}
            onFocus={[Function]}
            placeholder=""
            placeholderTextColor="rgba(0, 0, 0, 0.54)"
            rejectResponderTermination={true}
            selectionColor="#6200ee"
            style={
              Array [
                Object {
                  "flexGrow": 1,
                  "margin": 0,
                  "paddingHorizontal": 14,
                  "textAlign": "left",
                  "zIndex": 1,
                },
                Object {
                  "height": 56,
                },
                Object {
                  "paddingBottom": 0,
                  "paddingTop": 0,
                },
                Object {
                  "color": "#000000",
                  "fontFamily": "System",
                  "fontSize": 16,
                  "fontWeight": undefined,
                  "textAlignVertical": "center",
                },
                Array [
                  Object {},
                ],
              ]
            }
            underlineColorAndroid="transparent"
            value=""
          />
        </View>
      </View>
    </View>
    <View
      style={
        Object {
          "marginVertical": 5,
        }
      }
    >
      <View>
        <View
          pointerEvents="none"
          style={
            Array [
              Object {
                "bottom": 0,
                "left": 0,
                "position": "absolute",
                "right": 0,
                "top": 6,
              },
              Object {
                "backgroundColor": "#f6f6f6",
                "borderColor": "rgba(0, 0, 0, 0.54)",
                "borderRadius": 4,
                "borderWidth": 1,
              },
            ]
          }
        />
        <View
          style={
            Object {
              "minHeight": 64,
              "paddingBottom": 0,
              "paddingTop": 8,
            }
          }
        >
          <View
            pointerEvents="none"
            style={
              Object {
                "bottom": 0,
                "left": 0,
                "opacity": 1,
                "position": "absolute",
                "right": 0,
                "top": 0,
                "transform": Array [
                  Object {
                    "translateX": 0,
                  },
                ],
              }
            }
          >
            <View
              pointerEvents="none"
              style={
                Object {
                  "backgroundColor": "#f6f6f6",
                  "bottom": 0,
                  "height": 2,
                  "left": 10,
                  "opacity": 0,
                  "position": "absolute",
                  "right": 0,
                  "top": 6,
                  "transform": Array [
                    Object {
                      "translateX": 0,
                    },
                  ],
                  "width": 8,
                }
              }
            />
            <Text
              numberOfLines={1}
              style={
                Object {
                  "backgroundColor": "#f6f6f6",
                  "color": "transparent",
                  "fontFamily": "System",
                  "fontSize": 16,
                  "fontWeight": undefined,
                  "left": 18,
                  "opacity": 0,
                  "paddingHorizontal": 0,
                  "position": "absolute",
                  "textAlign": "left",
                  "top": 37,
                  "transform": Array [
                    Object {
                      "translateX": 0,
                    },
                    Object {
                      "translateY": 0,
                    },
                    Object {
                      "scale": 1,
                    },
                    Object {
                      "scaleY": 1,
                    },
                  ],
                  "writingDirection": "ltr",
                }
              }
            >
              Bagages cabine (Kg)
            </Text>
            <Text
              numberOfLines={1}
              onLayout={[Function]}
              style={
                Object {
                  "color": "#6200ee",
                  "fontFamily": "System",
                  "fontSize": 16,
                  "fontWeight": undefined,
                  "left": 0,
                  "opacity": 0,
                  "paddingHorizontal": 14,
                  "position": "absolute",
                  "textAlign": "left",
                  "top": 36,
                  "transform": Array [
                    Object {
                      "translateX": 0,
                    },
                    Object {
                      "translateY": 0,
                    },
                    Object {
                      "scale": 1,
                    },
                  ],
                  "writingDirection": "ltr",
                }
              }
            >
              Bagages cabine (Kg)
            </Text>
            <Text
              numberOfLines={1}
              style={
                Object {
                  "color": "rgba(0, 0, 0, 0.54)",
                  "fontFamily": "System",
                  "fontSize": 16,
                  "fontWeight": undefined,
                  "left": 0,
                  "opacity": 1,
                  "paddingHorizontal": 14,
                  "position": "absolute",
                  "textAlign": "left",
                  "top": 36,
                  "transform": Array [
                    Object {
                      "translateX": 0,
                    },
                    Object {
                      "translateY": 0,
                    },
                    Object {
                      "scale": 1,
                    },
                  ],
                  "writingDirection": "ltr",
                }
              }
            >
              Bagages cabine (Kg)
            </Text>
          </View>
          <TextInput
            allowFontScaling={true}
            editable={true}
            keyboardType="number-pad"
            multiline={false}
            onBlur={[Function]}
            onChange={[Function]}
            onChangeText={[Function]}
            onFocus={[Function]}
            placeholder=""
            placeholderTextColor="rgba(0, 0, 0, 0.54)"
            rejectResponderTermination={true}
            selectionColor="#6200ee"
            style={
              Array [
                Object {
                  "flexGrow": 1,
                  "margin": 0,
                  "paddingHorizontal": 14,
                  "textAlign": "left",
                  "zIndex": 1,
                },
                Object {
                  "height": 56,
                },
                Object {
                  "paddingBottom": 0,
                  "paddingTop": 0,
                },
                Object {
                  "color": "#000000",
                  "fontFamily": "System",
                  "fontSize": 16,
                  "fontWeight": undefined,
                  "textAlignVertical": "center",
                },
                Array [
                  Object {},
                ],
              ]
            }
            underlineColorAndroid="transparent"
            value=""
          />
        </View>
      </View>
    </View>
    <View
      style={
        Object {
          "marginVertical": 5,
        }
      }
    >
      <View>
        <View
          pointerEvents="none"
          style={
            Array [
              Object {
                "bottom": 0,
                "left": 0,
                "position": "absolute",
                "right": 0,
                "top": 6,
              },
              Object {
                "backgroundColor": "#f6f6f6",
                "borderColor": "rgba(0, 0, 0, 0.54)",
                "borderRadius": 4,
                "borderWidth": 1,
              },
            ]
          }
        />
        <View
          style={
            Object {
              "minHeight": 64,
              "paddingBottom": 0,
              "paddingTop": 8,
            }
          }
        >
          <View
            pointerEvents="none"
            style={
              Object {
                "bottom": 0,
                "left": 0,
                "opacity": 1,
                "position": "absolute",
                "right": 0,
                "top": 0,
                "transform": Array [
                  Object {
                    "translateX": 0,
                  },
                ],
              }
            }
          >
            <View
              pointerEvents="none"
              style={
                Object {
                  "backgroundColor": "#f6f6f6",
                  "bottom": 0,
                  "height": 2,
                  "left": 10,
                  "opacity": 0,
                  "position": "absolute",
                  "right": 0,
                  "top": 6,
                  "transform": Array [
                    Object {
                      "translateX": 0,
                    },
                  ],
                  "width": 8,
                }
              }
            />
            <Text
              numberOfLines={1}
              style={
                Object {
                  "backgroundColor": "#f6f6f6",
                  "color": "transparent",
                  "fontFamily": "System",
                  "fontSize": 16,
                  "fontWeight": undefined,
                  "left": 18,
                  "opacity": 0,
                  "paddingHorizontal": 0,
                  "position": "absolute",
                  "textAlign": "left",
                  "top": 37,
                  "transform": Array [
                    Object {
                      "translateX": 0,
                    },
                    Object {
                      "translateY": 0,
                    },
                    Object {
                      "scale": 1,
                    },
                    Object {
                      "scaleY": 1,
                    },
                  ],
                  "writingDirection": "ltr",
                }
              }
            >
              Bagages soute (Kg)
            </Text>
            <Text
              numberOfLines={1}
              onLayout={[Function]}
              style={
                Object {
                  "color": "#6200ee",
                  "fontFamily": "System",
                  "fontSize": 16,
                  "fontWeight": undefined,
                  "left": 0,
                  "opacity": 0,
                  "paddingHorizontal": 14,
                  "position": "absolute",
                  "textAlign": "left",
                  "top": 36,
                  "transform": Array [
                    Object {
                      "translateX": 0,
                    },
                    Object {
                      "translateY": 0,
                    },
                    Object {
                      "scale": 1,
                    },
                  ],
                  "writingDirection": "ltr",
                }
              }
            >
              Bagages soute (Kg)
            </Text>
            <Text
              numberOfLines={1}
              style={
                Object {
                  "color": "rgba(0, 0, 0, 0.54)",
                  "fontFamily": "System",
                  "fontSize": 16,
                  "fontWeight": undefined,
                  "left": 0,
                  "opacity": 1,
                  "paddingHorizontal": 14,
                  "position": "absolute",
                  "textAlign": "left",
                  "top": 36,
                  "transform": Array [
                    Object {
                      "translateX": 0,
                    },
                    Object {
                      "translateY": 0,
                    },
                    Object {
                      "scale": 1,
                    },
                  ],
                  "writingDirection": "ltr",
                }
              }
            >
              Bagages soute (Kg)
            </Text>
          </View>
          <TextInput
            allowFontScaling={true}
            editable={true}
            keyboardType="number-pad"
            multiline={false}
            onBlur={[Function]}
            onChange={[Function]}
            onChangeText={[Function]}
            onFocus={[Function]}
            placeholder=""
            placeholderTextColor="rgba(0, 0, 0, 0.54)"
            rejectResponderTermination={true}
            selectionColor="#6200ee"
            style={
              Array [
                Object {
                  "flexGrow": 1,
                  "margin": 0,
                  "paddingHorizontal": 14,
                  "textAlign": "left",
                  "zIndex": 1,
                },
                Object {
                  "height": 56,
                },
                Object {
                  "paddingBottom": 0,
                  "paddingTop": 0,
                },
                Object {
                  "color": "#000000",
                  "fontFamily": "System",
                  "fontSize": 16,
                  "fontWeight": undefined,
                  "textAlignVertical": "center",
                },
                Array [
                  Object {},
                ],
              ]
            }
            underlineColorAndroid="transparent"
            value=""
          />
        </View>
      </View>
    </View>
    <View
      style={
        Object {
          "marginVertical": 5,
        }
      }
    >
      <View>
        <View
          pointerEvents="none"
          style={
            Array [
              Object {
                "bottom": 0,
                "left": 0,
                "position": "absolute",
                "right": 0,
                "top": 6,
              },
              Object {
                "backgroundColor": "#f6f6f6",
                "borderColor": "rgba(0, 0, 0, 0.54)",
                "borderRadius": 4,
                "borderWidth": 1,
              },
            ]
          }
        />
        <View
          style={
            Object {
              "minHeight": 64,
              "paddingBottom": 0,
              "paddingTop": 8,
            }
          }
        >
          <View
            pointerEvents="none"
            style={
              Object {
                "bottom": 0,
                "left": 0,
                "opacity": 1,
                "position": "absolute",
                "right": 0,
                "top": 0,
                "transform": Array [
                  Object {
                    "translateX": 0,
                  },
                ],
              }
            }
          >
            <View
              pointerEvents="none"
              style={
                Object {
                  "backgroundColor": "#f6f6f6",
                  "bottom": 0,
                  "height": 2,
                  "left": 10,
                  "opacity": 0,
                  "position": "absolute",
                  "right": 0,
                  "top": 6,
                  "transform": Array [
                    Object {
                      "translateX": 0,
                    },
                  ],
                  "width": 8,
                }
              }
            />
            <Text
              numberOfLines={1}
              style={
                Object {
                  "backgroundColor": "#f6f6f6",
                  "color": "transparent",
                  "fontFamily": "System",
                  "fontSize": 16,
                  "fontWeight": undefined,
                  "left": 18,
                  "opacity": 0,
                  "paddingHorizontal": 0,
                  "position": "absolute",
                  "textAlign": "left",
                  "top": 37,
                  "transform": Array [
                    Object {
                      "translateX": 0,
                    },
                    Object {
                      "translateY": 0,
                    },
                    Object {
                      "scale": 1,
                    },
                    Object {
                      "scaleY": 1,
                    },
                  ],
                  "writingDirection": "ltr",
                }
              }
            >
              Heures de vol
            </Text>
            <Text
              numberOfLines={1}
              onLayout={[Function]}
              style={
                Object {
                  "color": "#6200ee",
                  "fontFamily": "System",
                  "fontSize": 16,
                  "fontWeight": undefined,
                  "left": 0,
                  "opacity": 0,
                  "paddingHorizontal": 14,
                  "position": "absolute",
                  "textAlign": "left",
                  "top": 36,
                  "transform": Array [
                    Object {
                      "translateX": 0,
                    },
                    Object {
                      "translateY": 0,
                    },
                    Object {
                      "scale": 1,
                    },
                  ],
                  "writingDirection": "ltr",
                }
              }
            >
              Heures de vol
            </Text>
            <Text
              numberOfLines={1}
              style={
                Object {
                  "color": "rgba(0, 0, 0, 0.54)",
                  "fontFamily": "System",
                  "fontSize": 16,
                  "fontWeight": undefined,
                  "left": 0,
                  "opacity": 1,
                  "paddingHorizontal": 14,
                  "position": "absolute",
                  "textAlign": "left",
                  "top": 36,
                  "transform": Array [
                    Object {
                      "translateX": 0,
                    },
                    Object {
                      "translateY": 0,
                    },
                    Object {
                      "scale": 1,
                    },
                  ],
                  "writingDirection": "ltr",
                }
              }
            >
              Heures de vol
            </Text>
          </View>
          <TextInput
            allowFontScaling={true}
            editable={true}
            keyboardType="number-pad"
            multiline={false}
            onBlur={[Function]}
            onChange={[Function]}
            onChangeText={[Function]}
            onFocus={[Function]}
            placeholder=""
            placeholderTextColor="rgba(0, 0, 0, 0.54)"
            rejectResponderTermination={true}
            selectionColor="#6200ee"
            style={
              Array [
                Object {
                  "flexGrow": 1,
                  "margin": 0,
                  "paddingHorizontal": 14,
                  "textAlign": "left",
                  "zIndex": 1,
                },
                Object {
                  "height": 56,
                },
                Object {
                  "paddingBottom": 0,
                  "paddingTop": 0,
                },
                Object {
                  "color": "#000000",
                  "fontFamily": "System",
                  "fontSize": 16,
                  "fontWeight": undefined,
                  "textAlignVertical": "center",
                },
                Array [
                  Object {},
                ],
              ]
            }
            underlineColorAndroid="transparent"
            value=""
          />
        </View>
      </View>
    </View>
  </View>
  <View
    accessible={true}
    focusable={true}
    onClick={[Function]}
    onResponderGrant={[Function]}
    onResponderMove={[Function]}
    onResponderRelease={[Function]}
    onResponderTerminate={[Function]}
    onResponderTerminationRequest={[Function]}
    onStartShouldSetResponder={[Function]}
    style={
      Object {
        "backgroundColor": "red",
        "borderColor": "black",
        "borderRadius": 5,
        "borderStyle": "solid",
        "borderWidth": 1,
        "bottom": -20,
        "opacity": 1,
        "padding": 5,
        "position": "absolute",
        "right": 10,
      }
    }
  >
    <Text
      style={
        Object {
          "color": "white",
          "fontSize": 18,
          "fontWeight": "bold",
        }
      }
    >
      Calculer
    </Text>
  </View>
</View>
`;
