// Jest Snapshot v1, https://goo.gl/fbAQLP

exports[`renders correctly 1`] = `
<View
  style={
    Array [
      Object {
        "alignSelf": "flex-start",
        "borderRadius": 5,
        "marginBottom": 20,
        "marginTop": 5,
        "padding": 15,
        "position": "relative",
      },
      Object {
        "backgroundColor": "green",
      },
    ]
  }
>
  <View
    accessibilityRole="button"
    accessibilityState={
      Object {
        "disabled": undefined,
      }
    }
    accessible={true}
    focusable={false}
    hitSlop={
      Object {
        "bottom": 6,
        "left": 6,
        "right": 6,
        "top": 6,
      }
    }
    onClick={[Function]}
    onResponderGrant={[Function]}
    onResponderMove={[Function]}
    onResponderRelease={[Function]}
    onResponderTerminate={[Function]}
    onResponderTerminationRequest={[Function]}
    onStartShouldSetResponder={[Function]}
    style={
      Array [
        Object {
          "overflow": "hidden",
        },
        Array [
          Object {
            "alignItems": "center",
            "justifyContent": "center",
            "margin": 6,
            "overflow": "hidden",
          },
          Object {
            "borderRadius": 10.5,
            "height": 21,
            "width": 21,
          },
          undefined,
          Object {
            "position": "absolute",
            "right": -5,
            "top": -5,
          },
        ],
      ]
    }
  >
    <View>
      <Text
        accessibilityElementsHidden={true}
        allowFontScaling={false}
        importantForAccessibility="no-hide-descendants"
        pointerEvents="none"
        style={
          Array [
            Object {
              "color": "#ffffff",
              "fontSize": 14,
            },
            Array [
              Object {
                "transform": Array [
                  Object {
                    "scaleX": 1,
                  },
                ],
              },
              Object {
                "backgroundColor": "transparent",
              },
            ],
            Object {
              "fontFamily": "Material Design Icons",
              "fontStyle": "normal",
              "fontWeight": "normal",
            },
            Object {},
          ]
        }
      >
        ó°…–
      </Text>
    </View>
  </View>
  <Text
    style={
      Object {
        "color": "white",
      }
    }
  />
</View>
`;
